// Jest Snapshot v1, https://goo.gl/fbAQLP

exports[`App should match the snapshot with all data passed in 1`] = `
<div>
  <header>
    <div
      className="left-info-container"
    >
      <h2>
        0
         of 
        3
         problems solved
        <span
          id="difficulty-text"
        >
          Current problem difficulty: 
          2
        </span>
      </h2>
      <button
        className="app-buttons"
        id="skip-button"
        onClick={[Function]}
      >
        Skip Problem
      </button>
    </div>
    <h1>
      [ jsProtoFunTime ]
    </h1>
    <div
      className="right-header-buttons"
    >
      <button
        className="app-buttons"
        id="instructions-button"
        onClick={[Function]}
      >
        Show Instructions
      </button>
      <button
        className="app-buttons"
        id="restart-button"
        onClick={[Function]}
      >
        Start New Game
      </button>
    </div>
  </header>
  <div
    className="game-container"
  >
    <Step1
      currentStep={1}
      incrementStep={[Function]}
      question="You are given the following array of numbers: [1, 3, 5, 6, 7, 9].

You are only interested in numbers that are divisible by 3. Return a new array or numbers that contains only the numbers divisible by 3."
    />
  </div>
</div>
`;
